docker : NOTICE:  --- RUNNING TESTS ---
At line:1 char:28
+ ... t_geo.sql | docker exec -i 
supabase_db_Zone-Conqueror psql -U postgre ...
+                 ~~~~~~~~~~~~~~~~~~~~~~~~~~~~~~
~~~~~~~~~~~~~~~~~~~~~~~~~~~
    + CategoryInfo          : NotSpecified: (NO 
   TICE:  --- RUNNING TESTS ---:String) [], Re  
  moteException
    + FullyQualifiedErrorId : NativeCommandErro 
   r
 
NOTICE:  1. User 1 Straight Line Validation: 
{"is_valid" : true, "reason" : null, 
"point_count" : 15, "filtered_point_count" : 
15, "duration_seconds" : 140, "distance_m" : 
701.31, "max_speed_mps" : 5.01, 
"suspicious_segment_count" : 0}
ERROR:  Invalid buffer parameter: end (accept: 
'endcap', 'join', 'mitre_limit', 'miter_limit', 
'quad_segs' and 'side')
CONTEXT:  SQL statement "WITH clean_points AS (
    SELECT geom, timestamp 
    FROM run_points 
    WHERE run_id = p_run_id AND user_id = 
p_user_id AND accuracy <= 50
    ORDER BY timestamp ASC
  )
  SELECT ST_Multi(ST_MakeValid(ST_Buffer(ST_Make
Line(geom)::geography, 25, 'join=round 
end=round')::geometry))
                     FROM clean_points"
PL/pgSQL function 
process_run_territory(uuid,uuid) line 19 at SQL 
statement
SQL statement "SELECT 
process_run_territory(v_run_enemy, v_user_1)"
PL/pgSQL function inline_code_block line 39 at 
SQL statement
