app/(tabs)/index.tsx(2,26): error TS2307: Cannot find module '@/components/TerritoryMap' or its corresponding type declarations.
app/(tabs)/leaderboard.tsx(208,98): error TS2304: Cannot find name 'serverUserId'.
components/FriendMapMarkers.native.tsx(94,41): error TS2339: Property 'runningPath' does not exist on type 'GangMember'.
components/FriendMapMarkers.native.tsx(97,39): error TS2339: Property 'runningPath' does not exist on type 'GangMember'.
components/FriendMapMarkers.native.tsx(103,39): error TS2339: Property 'runningPath' does not exist on type 'GangMember'.
components/InvitePanel.tsx(235,11): error TS2339: Property 'generateInviteCode' does not exist on type 'GangContextValue'.
components/InvitePanel.tsx(258,34): error TS7006: Parameter 'code' implicitly has an 'any' type.
components/TerritoryMap.native.tsx(282,19): error TS2339: Property 'coveredArea' does not exist on type 'TrackingState'.
components/TerritoryMap.native.tsx(282,43): error TS2339: Property 'coveredArea' does not exist on type 'TrackingState'.
components/TerritoryMap.native.tsx(284,35): error TS2339: Property 'coveredArea' does not exist on type 'TrackingState'.
supabase/functions/finalize-run/index.ts(2,30): error TS2307: Cannot find module 'npm:@supabase/supabase-js@2.44.0' or its corresponding type declarations.
supabase/functions/finalize-run/index.ts(6,1): error TS2304: Cannot find name 'Deno'.
supabase/functions/finalize-run/index.ts(6,19): error TS7006: Parameter 'req' implicitly has an 'any' type.
supabase/functions/finalize-run/index.ts(16,7): error TS2304: Cannot find name 'Deno'.
supabase/functions/finalize-run/index.ts(17,7): error TS2304: Cannot find name 'Deno'.
supabase/functions/finalize-run/index.ts(22,7): error TS2304: Cannot find name 'Deno'.
supabase/functions/finalize-run/index.ts(23,7): error TS2304: Cannot find name 'Deno'.
supabase/functions/finalize-run/index.ts(90,106): error TS18046: 'error' is of type 'unknown'.
supabase/functions/finalize-run/index.ts(91,49): error TS18046: 'error' is of type 'unknown'.
